
D:\PROJECT CODING\HACKERTHON PROJECT\backend>if "Windows_NT" == "Windows_NT" setlocal

D:\PROJECT CODING\HACKERTHON PROJECT\backend>set DIRNAME=D:\PROJECT CODING\HACKERTHON PROJECT\backend\ 

D:\PROJECT CODING\HACKERTHON PROJECT\backend>if "D:\PROJECT CODING\HACKERTHON PROJECT\backend\" == "" set DIRNAME=. 

D:\PROJECT CODING\HACKERTHON PROJECT\backend>set APP_BASE_NAME=gradlew 

D:\PROJECT CODING\HACKERTHON PROJECT\backend>set APP_HOME=D:\PROJECT CODING\HACKERTHON PROJECT\backend\ 

D:\PROJECT CODING\HACKERTHON PROJECT\backend>for %i in ("D:\PROJECT CODING\HACKERTHON PROJECT\backend\") do set APP_HOME=%~fi 

D:\PROJECT CODING\HACKERTHON PROJECT\backend>set APP_HOME=D:\PROJECT CODING\HACKERTHON PROJECT\backend\ 

D:\PROJECT CODING\HACKERTHON PROJECT\backend>set DEFAULT_JVM_OPTS="-Xmx64m" "-Xms64m" 

D:\PROJECT CODING\HACKERTHON PROJECT\backend>if defined JAVA_HOME goto findJavaFromJavaHome 

D:\PROJECT CODING\HACKERTHON PROJECT\backend>set JAVA_EXE=java.exe 

D:\PROJECT CODING\HACKERTHON PROJECT\backend>java.exe -version  1>NUL 2>&1 

D:\PROJECT CODING\HACKERTHON PROJECT\backend>if 0 EQU 0 goto execute 

D:\PROJECT CODING\HACKERTHON PROJECT\backend>set CLASSPATH=D:\PROJECT CODING\HACKERTHON PROJECT\backend\\gradle\wrapper\gradle-wrapper.jar 

D:\PROJECT CODING\HACKERTHON PROJECT\backend>"java.exe" "-Xmx64m" "-Xms64m"   "-Dorg.gradle.appname=gradlew" -classpath "D:\PROJECT CODING\HACKERTHON PROJECT\backend\\gradle\wrapper\gradle-wrapper.jar" -jar "D:\PROJECT CODING\HACKERTHON PROJECT\backend\\gradle\wrapper\gradle-wrapper.jar" bootRun --args=--server.port=8081 --console=plain 
Starting a Gradle Daemon, 2 busy and 1 stopped Daemons could not be reused, use --status for details
> Task :checkKotlinGradlePluginConfigurationErrors
> Task :compileKotlin UP-TO-DATE
> Task :compileJava NO-SOURCE
> Task :processResources UP-TO-DATE
> Task :classes UP-TO-DATE
> Task :resolveMainClassName UP-TO-DATE
